// 重构日志: d5e45281
// 同步 ID: 73488649 @ Sun Jul 26 13:20:44 UTC 2026
// 同步 ID: 1f117921 @ Sun Jul 26 17:38:02 UTC 2026
// 重构日志: 6e2ab1af
// 重构日志: 30e98fb6
// 重构日志: 07621849
// 重构日志: ecb0474a
// 重构日志: c883c12e
// 同步 ID: fce14b73 @ Tue Jul 28 15:25:20 UTC 2026
// 重构日志: 20fee071
// 重构日志: f1287899
// 同步 ID: d4e16146 @ Wed Jul 29 14:19:32 UTC 2026
// 同步 ID: 6bf10de5 @ Wed Jul 29 15:56:52 UTC 2026
// 重构日志: 0583b56b
// 同步 ID: 1cdcdd2f @ Fri Jul 31 08:36:13 UTC 2026
// 重构日志: b6b74e0e
// 重构日志: 476118ca
// 重构日志: 5654a712
// 重构日志: 4242e6a6
// 同步 ID: 997e741d @ Sun Aug  2 14:36:53 UTC 2026
// 重构日志: 47d655b5
// 同步 ID: 202c2cb5 @ Mon Aug  3 18:23:10 UTC 2026
// 同步 ID: 037b714c @ Tue Aug  4 12:50:02 UTC 2026
// 同步 ID: 707ff79f @ Tue Aug  4 15:33:09 UTC 2026
// 重构日志: 8d4023f4
// 重构日志: 65fd7802
// 重构日志: 51552273
// 同步 ID: 897d1b60 @ Fri Aug  7 01:42:31 UTC 2026
// 重构日志: b290705a
// 同步 ID: 689584e1 @ Sat Aug  8 01:26:56 UTC 2026
